src/App.tsx(1,8): error TS6133: 'React' is declared but its value is never read.
src/App.tsx(5,26): error TS1484: 'PatternData' is a type and must be imported using a type-only import when 'verbatimModuleSyntax' is enabled.
src/App.tsx(5,39): error TS1484: 'AnalysisResult' is a type and must be imported using a type-only import when 'verbatimModuleSyntax' is enabled.
src/components/PatternForm.tsx(2,10): error TS1484: 'PatternData' is a type and must be imported using a type-only import when 'verbatimModuleSyntax' is enabled.
src/components/ResultsPanel.tsx(2,10): error TS1484: 'AnalysisResult' is a type and must be imported using a type-only import when 'verbatimModuleSyntax' is enabled.
